    1  17:22:55.318097 IP (tos 0x0, ttl 255, id 44102, offset 0, flags [none], proto UDP (17), length 328)
    0.0.0.0.68 > 255.255.255.255.67: [udp sum ok] BOOTP/DHCP, Request from 40:6c:8f:4b:33:09, length 300, xid 0xaabab218, Flags [none] (0x0000)
	  Client-Ethernet-Address 40:6c:8f:4b:33:09
	  Vendor-rfc1048 Extensions
	    Magic Cookie 0x63825363
	    DHCP-Message (53), length 1: Discover
	    Parameter-Request (55), length 9: 
	      Subnet-Mask (1), Default-Gateway (3), Domain-Name-Server (6), Domain-Name (15)
	      Domain-Search (119), LDAP (95), Unknown (252), Netbios-Name-Server (44)
	      Netbios-Node (46)
	    MSZ (57), length 2: 1500
	    Client-ID (61), length 7: ether 40:6c:8f:4b:33:09
	    Lease-Time (51), length 4: 7776000
	    Hostname (12), length 11: "shankar-mbp"
    2  17:22:56.626536 IP (tos 0x0, ttl 255, id 44103, offset 0, flags [none], proto UDP (17), length 328)
    0.0.0.0.68 > 255.255.255.255.67: [udp sum ok] BOOTP/DHCP, Request from 40:6c:8f:4b:33:09, length 300, xid 0xaabab218, secs 1, Flags [none] (0x0000)
	  Client-Ethernet-Address 40:6c:8f:4b:33:09
	  Vendor-rfc1048 Extensions
	    Magic Cookie 0x63825363
	    DHCP-Message (53), length 1: Discover
	    Parameter-Request (55), length 9: 
	      Subnet-Mask (1), Default-Gateway (3), Domain-Name-Server (6), Domain-Name (15)
	      Domain-Search (119), LDAP (95), Unknown (252), Netbios-Name-Server (44)
	      Netbios-Node (46)
	    MSZ (57), length 2: 1500
	    Client-ID (61), length 7: ether 40:6c:8f:4b:33:09
	    Lease-Time (51), length 4: 7776000
	    Hostname (12), length 11: "shankar-mbp"
    3  17:22:57.821108 IP (tos 0xc0, ttl 64, id 5409, offset 0, flags [none], proto UDP (17), length 348)
    10.0.0.1.67 > 10.0.0.245.68: [udp sum ok] BOOTP/DHCP, Reply, length 320, xid 0xaabab218, Flags [none] (0x0000)
	  Your-IP 10.0.0.245
	  Server-IP 10.0.0.1
	  Client-Ethernet-Address 40:6c:8f:4b:33:09
	  Vendor-rfc1048 Extensions
	    Magic Cookie 0x63825363
	    DHCP-Message (53), length 1: Offer
	    Server-ID (54), length 4: 10.0.0.1
	    Lease-Time (51), length 4: 3600
	    RN (58), length 4: 1800
	    RB (59), length 4: 3150
	    Subnet-Mask (1), length 4: 255.255.255.0
	    BR (28), length 4: 10.0.0.255
	    Default-Gateway (3), length 4: 10.0.0.1
	    Domain-Name-Server (6), length 4: 10.0.0.1
	    Domain-Name (15), length 3: "lan"
	    Domain-Search (119), length 21: velocloud.net. eng.velocloud.net.
    4  17:22:57.821318 IP (tos 0xc0, ttl 64, id 5410, offset 0, flags [none], proto UDP (17), length 348)
    10.0.0.1.67 > 10.0.0.245.68: [udp sum ok] BOOTP/DHCP, Reply, length 320, xid 0xaabab218, secs 1, Flags [none] (0x0000)
	  Your-IP 10.0.0.245
	  Server-IP 10.0.0.1
	  Client-Ethernet-Address 40:6c:8f:4b:33:09
	  Vendor-rfc1048 Extensions
	    Magic Cookie 0x63825363
	    DHCP-Message (53), length 1: Offer
	    Server-ID (54), length 4: 10.0.0.1
	    Lease-Time (51), length 4: 3600
	    RN (58), length 4: 1800
	    RB (59), length 4: 3150
	    Subnet-Mask (1), length 4: 255.255.255.0
	    BR (28), length 4: 10.0.0.255
	    Default-Gateway (3), length 4: 10.0.0.1
	    Domain-Name-Server (6), length 4: 10.0.0.1
	    Domain-Name (15), length 3: "lan"
	    Domain-Search (119), length 21: velocloud.net. eng.velocloud.net.
    5  17:22:58.845935 IP (tos 0x0, ttl 255, id 44104, offset 0, flags [none], proto UDP (17), length 328)
    0.0.0.0.68 > 255.255.255.255.67: [udp sum ok] BOOTP/DHCP, Request from 40:6c:8f:4b:33:09, length 300, xid 0xaabab218, secs 3, Flags [none] (0x0000)
	  Client-Ethernet-Address 40:6c:8f:4b:33:09
	  Vendor-rfc1048 Extensions
	    Magic Cookie 0x63825363
	    DHCP-Message (53), length 1: Request
	    Parameter-Request (55), length 9: 
	      Subnet-Mask (1), Default-Gateway (3), Domain-Name-Server (6), Domain-Name (15)
	      Domain-Search (119), LDAP (95), Unknown (252), Netbios-Name-Server (44)
	      Netbios-Node (46)
	    MSZ (57), length 2: 1500
	    Client-ID (61), length 7: ether 40:6c:8f:4b:33:09
	    Requested-IP (50), length 4: 10.0.0.245
	    Server-ID (54), length 4: 10.0.0.1
	    Hostname (12), length 11: "shankar-mbp"
    6  17:22:58.846495 IP (tos 0xc0, ttl 64, id 5411, offset 0, flags [none], proto UDP (17), length 348)
    10.0.0.1.67 > 10.0.0.245.68: [bad udp cksum 0x1cf3 -> 0xaf60!] BOOTP/DHCP, Reply, length 320, xid 0xaabab218, secs 3, Flags [none] (0x0000)
	  Your-IP 10.0.0.245
	  Server-IP 10.0.0.1
	  Client-Ethernet-Address 40:6c:8f:4b:33:09
	  Vendor-rfc1048 Extensions
	    Magic Cookie 0x63825363
	    DHCP-Message (53), length 1: ACK
	    Server-ID (54), length 4: 10.0.0.1
	    Lease-Time (51), length 4: 3600
	    RN (58), length 4: 1800
	    RB (59), length 4: 3150
	    Subnet-Mask (1), length 4: 255.255.255.0
	    BR (28), length 4: 10.0.0.255
	    Domain-Search (119), length 21: velocloud.net. eng.velocloud.net.
	    Default-Gateway (3), length 4: 10.0.0.1
	    Domain-Name-Server (6), length 4: 10.0.0.1
	    Domain-Name (15), length 3: "lan"
